[www.refer.me/index.html]
[i.ibb.co/X5Xrz8b/seo-background.png]
[backblue.gif]
[fade.gif]
[index.html]
[www.refer.me/_next/static/css/3ddfeecc45c51cfa.css]
[www.refer.me/_next/static/chunks/polyfills-c67a75d1b6f99dc8.js]
[www.refer.me/_next/static/chunks/webpack-ee50248eddc06019.js]
[www.refer.me/_next/static/chunks/framework-1f1fb5c07f2be279.js]
[www.refer.me/_next/static/chunks/main-03c33cf04beb98b8.js]
[www.refer.me/_next/static/chunks/pages/_app-b91d82d2e3ac7cec.js]
[www.refer.me/_next/static/chunks/1bfc9850-1c51c470cdd22a3b.js]
[www.refer.me/_next/static/chunks/0c428ae2-93b68c53e48248bc.js]
[www.refer.me/_next/static/chunks/31664189-e77e79a0ec1ad1d1.js]
[www.refer.me/_next/static/chunks/0b308cfb-63b48179f5410d1e.js]
[www.refer.me/_next/static/chunks/5025-330b20707a550462.js]
[www.refer.me/_next/static/chunks/2016-fbdb5f9292938638.js]
[www.refer.me/_next/static/chunks/4150-8e39abd2451d3226.js]
[www.refer.me/_next/static/chunks/1378-22b538f217f9d184.js]
[www.refer.me/_next/static/chunks/6273-f9afafbad5e373b5.js]
[www.refer.me/_next/static/chunks/7290-10f976ae01628090.js]
[www.refer.me/_next/static/chunks/pages/index-2badb7bc97f53e9c.js]
[www.refer.me/_next/static/rD-TQa8CLj3f7k7b-FV-D/_buildManifest.js]
[www.refer.me/_next/static/rD-TQa8CLj3f7k7b-FV-D/_ssgManifest.js]
[s3.amazonaws.com/refer.me/site/logos/logo.png]
[s3.amazonaws.com/refer.me/site/home/background-main.png]
[s3.amazonaws.com/refer.me/site/home/background-mobile.png]
[www.refer.me/faq]
[www.refer.me/signup]
[s3.amazonaws.com/refer.me/site/logos/microsoft-gray.png]
[s3.amazonaws.com/refer.me/site/logos/deloitte-gray.png]
[s3.amazonaws.com/refer.me/site/logos/google-gray.png]
[s3.amazonaws.com/refer.me/site/logos/tiktok-gray.png]
[s3.amazonaws.com/refer.me/site/logos/meta-gray.png]
[s3.amazonaws.com/refer.me/site/logos/stripe-gray.png]
[s3.amazonaws.com/refer.me/site/logos/doordash-gray.png]
[s3.amazonaws.com/refer.me/site/logos/amazon-gray.png]
[www.refer.me/referrals.html]
[s3.amazonaws.com/refer.me/site/home/referral-icon.png]
[www.refer.me/jobs.html]
[s3.amazonaws.com/refer.me/site/home/job-board-icon.png]
[www.refer.me/resources.html]
[s3.amazonaws.com/refer.me/site/home/resources-icon.png]
[www.refer.me/career-coaching/book.html]
[s3.amazonaws.com/refer.me/site/home/mentorship-icon.png]
[www.refer.me/resume-review/book.html]
[www.refer.me/blog.html]
[www.refer.me/employers/ai-recruiting]
[www.refer.me/discord.html]
[www.refer.me/privacy-policy]
[www.refer.me/terms-and-conditions]
[www.refer.me/index.html]
[www.refer.me/_next/static/css/3ddfeecc45c51cfa.css]
[www.refer.me/cookie-policy]
[www.refer.me/faq]
[www.refer.me/_next/static/chunks/pages/faq-064bb8191132708f.js]
[www.refer.me/_next/static/chunks/d7eeaac4-9b299ead4ee67f84.js]
[www.refer.me/_next/static/chunks/9653-1816ddd09b07ba1c.js]
[www.refer.me/_next/static/chunks/2675-ce83988b08224487.js]
[www.refer.me/signup]
[www.refer.me/_next/static/chunks/pages/signup-39a56ff468e33107.js]
[www.refer.me/_next/static/chunks/d64684d8-1cc09d38c48c3bf9.js]
[www.refer.me/_next/static/chunks/1a48c3c1-2e37e2d2b06901d8.js]
[www.refer.me/_next/static/chunks/ae51ba48-01454ff98276698f.js]
[www.refer.me/_next/static/chunks/252f366e-b7ecc82b97bc47fe.js]
[www.refer.me/_next/static/chunks/6728d85a-d6263281a1aaaf90.js]
[www.refer.me/_next/static/chunks/3007-4f9e7ed18afef332.js]
[www.refer.me/_next/static/chunks/5657-a0ae60719a4204ac.js]
[www.refer.me/_next/static/chunks/3097-8697948c90d17a41.js]
[www.refer.me/_next/static/chunks/3729-ed95afdc8927aabf.js]
[www.refer.me/_next/static/chunks/8922-41617c79636454b7.js]
[www.refer.me/_next/static/chunks/5478-aa7dbfda9eaf3865.js]
[www.refer.me/_next/static/chunks/8285-d14280f6fc3e619e.js]
[www.refer.me/_next/static/chunks/3778-fba03f3643b739e0.js]
[www.refer.me/_next/static/chunks/5882-0ef9bc4b57b7fc6b.js]
[www.refer.me/_next/static/chunks/3962-c60a0f1aa22e08ea.js]
[www.refer.me/referrals.html]
[www.refer.me/_next/static/chunks/pages/referrals-9602f142e2d5ffa4.js]
[www.refer.me/_next/static/chunks/8871-d2fcab31cce0e0d6.js]
[www.refer.me/jobs.html]
[www.refer.me/_next/static/chunks/pages/jobs-75339a47a585fb37.js]
[www.refer.me/_next/static/chunks/4893-f1586451bb7883c6.js]
[www.refer.me/_next/static/chunks/pages/resources-cf4e5a3d28e61b9d.js]
[s3.amazonaws.com/refer.me/site/generic/book.png]
[www.refer.me/resources/software-engineers/introduction.html]
[www.refer.me/resources.html]
[www.refer.me/resources/product-managers/summary.html]
[www.refer.me/_next/static/chunks/5070-c34138d512517fd8.js]
[www.refer.me/_next/static/chunks/3181-bcf9835e86a3c656.js]
[www.refer.me/_next/static/chunks/pages/career-coaching/book-ece27be722ca6936.js]
[s3.amazonaws.com/refer.me/site/generic/mentorship.png]
[www.refer.me/career-coaching/mentor.html]
[s3.amazonaws.com/refer.me/site/generic/faq.png]
[www.refer.me/career-coaching/book.html]
[www.refer.me/_next/static/chunks/pages/resume-review/book-0e43af0602b4e045.js]
[s3.amazonaws.com/refer.me/site/resume_review/review_faq.png]
[www.refer.me/resume-review/book.html]
[www.refer.me/contact]
[www.refer.me/_next/static/chunks/pages/blog-ce2135fc5d045373.js]
[www.refer.me/blog/introducing-referme-new-logo]
[s3.amazonaws.com/refer.me/site/blog/logo_black_bg.png]
[www.refer.me/blog/becoming-a-software-engineer-in-2023]
[s3.amazonaws.com/refer.me/site/blog/swe.jpg]
[www.refer.me/blog/salary-negotiation-guide]
[s3.amazonaws.com/refer.me/site/blog/salary.jpg]
[www.refer.me/blog/netflix-mentorship-program]
[www.refer.me/blog/writing-a-professional-bio]
[s3.amazonaws.com/refer.me/site/blog/bio.jpg]
[www.refer.me/blog/introducing-resume-lol]
[s3.amazonaws.com/refer.me/site/blog/resume.jpg]
[www.refer.me/blog/benefits-of-a-referral]
[s3.amazonaws.com/refer.me/site/blog/benefits_bg.jpg]
[www.refer.me/blog/how-to-get-a-referral]
[s3.amazonaws.com/refer.me/site/blog/get_refferal_gb.jpg]
[www.refer.me/blog/what-is-a-referral]
[s3.amazonaws.com/refer.me/site/blog/referral_bg.jpg]
[www.refer.me/blog.html]
[www.refer.me/_next/static/chunks/1368-e0d1beb9ac17b32a.js]
[www.refer.me/employers/ai-recruiting]
[www.refer.me/_next/static/chunks/pages/employers/ai-recruiting-245f7d75551a62be.js]
[www.refer.me/_next/static/chunks/pages/discord-cf71d814ffca3695.js]
[s3.amazonaws.com/refer.me/site/generic/discord-bg.png]
[www.refer.me/discord.html]
[www.refer.me/privacy-policy]
[www.refer.me/_next/static/chunks/pages/privacy-policy-59474445874bee39.js]
[www.refer.me/terms-and-conditions]
[www.refer.me/_next/static/chunks/pages/terms-and-conditions-35f2d0c03f95bb5f.js]
[www.refer.me/cookie-policy]
[www.refer.me/_next/static/chunks/pages/cookie-policy-a536f58c933cf878.js]
[www.refer.me/_next/static/chunks/7004-bc6f8fb00de9f1ff.js]
[www.refer.me/_next/static/chunks/7926-0d628e9ce82287a7.js]
[www.refer.me/_next/static/chunks/3312-d120553d776dd17d.js]
[www.refer.me/_next/static/chunks/6185-1caa00a0fb10ab7a.js]
[www.refer.me/resources/software-engineers/introduction.html]
[www.refer.me/_next/static/chunks/pages/resources/software-engineers/introduction-0ea1e222caf9271d.js]
[www.refer.me/resources/product-managers/summary.html]
[www.refer.me/_next/static/chunks/pages/resources/product-managers/summary-cda2aca3c631b7cc.js]
[www.refer.me/_next/static/chunks/3928-ac143114e57c7ec6.js]
[www.refer.me/_next/static/chunks/pages/career-coaching/mentor-392fe8ad8f56c717.js]
[s3.amazonaws.com/refer.me/site/generic/mentor-main.png]
[www.refer.me/login]
[www.refer.me/signup/referrer]
[s3.amazonaws.com/refer.me/site/generic/mentor-faq-1.png]
[www.refer.me/career-coaching/mentor.html]
[www.refer.me/contact]
[www.refer.me/_next/static/chunks/pages/contact-a4b0d1ed14efaa06.js]
[www.refer.me/_next/static/chunks/652-4f7d3cad5abd1034.js]
[www.refer.me/blog/introducing-referme-new-logo]
[www.refer.me/_next/static/chunks/pages/blog/introducing-referme-new-logo-863c14fc23f6d9a9.js]
[www.refer.me/_next/static/chunks/pages/blog/becoming-a-software-engineer-in-2023-2bcd5c7a3420c441.js]
[www.refer.me/blog/becoming-a-software-engineer-in-2023]
[www.refer.me/resources/software-engineers/becoming-a-frontend-swe.html]
[www.refer.me/blog/salary-negotiation-guide]
[www.refer.me/_next/static/chunks/pages/blog/salary-negotiation-guide-9cf05fab8a355362.js]
[www.refer.me/blog/netflix-mentorship-program]
[www.refer.me/_next/static/chunks/pages/blog/netflix-mentorship-program-8d3aada99749a8f9.js]
[www.refer.me/blog/writing-a-professional-bio]
[www.refer.me/_next/static/chunks/pages/blog/writing-a-professional-bio-5da1cf3645e0984e.js]
[www.refer.me/blog/introducing-resume-lol]
[www.refer.me/_next/static/chunks/pages/blog/introducing-resume-lol-40f8b9f178abdeda.js]
[www.refer.me/blog/benefits-of-a-referral]
[www.refer.me/_next/static/chunks/pages/blog/benefits-of-a-referral-5a92aed1cc6c901f.js]
[www.refer.me/blog/how-to-get-a-referral]
[www.refer.me/_next/static/chunks/pages/blog/how-to-get-a-referral-e4dd2efc7230204c.js]
[www.refer.me/blog/what-is-a-referral]
[www.refer.me/_next/static/chunks/pages/blog/what-is-a-referral-80bc4b8291fa4a2b.js]
[www.refer.me/login]
[www.refer.me/_next/static/chunks/pages/login-12bff37436807632.js]
[www.refer.me/_next/static/chunks/9746-cbbedff4f4702f72.js]
[www.refer.me/_next/static/chunks/pages/signup/referrer-84fb0db7a9a1f873.js]
[www.refer.me/signup/referrer]
[www.refer.me/privacy-policy/upcoming]
[www.refer.me/resources/software-engineers/becoming-a-frontend-swe.html]
[www.refer.me/_next/static/chunks/pages/resources/software-engineers/becoming-a-frontend-swe-71d11499e1643d40.js]
[www.refer.me/_next/static/chunks/pages/privacy-policy/upcoming-3a7ed92b8845b2ab.js]
[www.refer.me/contact-us]
[www.refer.me/privacy-policy/upcoming]
[www.refer.me/404]
